
> fitnessweb@0.0.0 typecheck
> tsc -p tsconfig.json --noEmit

src/app/layout.tsx(3,8): error TS2882: Cannot find module or type declarations for side-effect import of './globals.css'.
src/components/ScrollReveal.tsx(24,5): error TS2322: Type '`-${number}% 0px`' is not assignable to type 'MarginType | undefined'.
src/lib/lib/api-spec/orval.config.ts(1,50): error TS2307: Cannot find module 'orval' or its corresponding type declarations.
src/lib/lib/api-spec/orval.config.ts(9,47): error TS7006: Parameter 'config' implicitly has an 'any' type.
src/lib/lib/db/drizzle.config.ts(1,30): error TS2307: Cannot find module 'drizzle-kit' or its corresponding type declarations.
src/lib/lib/db/src/index.ts(1,25): error TS2307: Cannot find module 'drizzle-orm/node-postgres' or its corresponding type declarations.
src/lib/lib/db/src/index.ts(2,16): error TS2307: Cannot find module 'pg' or its corresponding type declarations.
src/pages/AboutPage.tsx(3,22): error TS2307: Cannot find module 'wouter' or its corresponding type declarations.
src/pages/DashboardPage.tsx(2,35): error TS2307: Cannot find module 'wouter' or its corresponding type declarations.
src/pages/HeroPage.tsx(2,22): error TS2307: Cannot find module 'wouter' or its corresponding type declarations.
src/pages/LoginPage.tsx(2,35): error TS2307: Cannot find module 'wouter' or its corresponding type declarations.
src/pages/ProgramsPage.tsx(3,22): error TS2307: Cannot find module 'wouter' or its corresponding type declarations.
src/pages/TransformationPage.tsx(3,22): error TS2307: Cannot find module 'wouter' or its corresponding type declarations.
